// Jest Snapshot v1, https://goo.gl/fbAQLP

exports[`HealthMetricCard renders correctly 1`] = `
<RNCSafeAreaProvider
  onInsetsChange={[Function]}
  style={
    Array [
      Object {
        "flex": 1,
      },
      undefined,
    ]
  }
>
  <View
    style={
      Array [
        Object {
          "backgroundColor": "#FFFFFF",
          "minHeight": 75,
        },
        Array [
          Object {
            "borderColor": "#CCCCCC",
            "borderRadius": 8,
            "borderWidth": 0,
            "padding": 8,
            "shadowColor": "#CCCCCC",
            "shadowOffset": Object {
              "height": 3,
              "width": 1,
            },
            "shadowOpacity": 0.5,
            "shadowRadius": 4,
          },
        ],
      ]
    }
  >
    <Text
      style={
        Array [
          Object {
            "color": "#FF006A",
            "fontSize": 16,
            "fontWeight": "bold",
            "lineHeight": 18,
          },
        ]
      }
    >
      Heart Rate
    </Text>
    <View
      style={
        Array [
          Object {
            "alignItems": "center",
            "flex": 1,
            "flexDirection": "row",
          },
        ]
      }
    >
      <Text
        style={
          Array [
            Object {
              "color": "#1C1C1E",
              "fontSize": 24,
              "fontWeight": "bold",
              "lineHeight": 30,
            },
          ]
        }
      >
        60
         
        <Text
          style={
            Array [
              Object {
                "color": "#5E5E5E",
                "fontSize": 16,
                "fontWeight": "bold",
                "lineHeight": 18,
              },
            ]
          }
        >
          bpm (avg)
        </Text>
      </Text>
    </View>
  </View>
</RNCSafeAreaProvider>
`;
