// Jest Snapshot v1, https://goo.gl/fbAQLP

exports[`OverviewCard renders correctly 1`] = `
<RNCSafeAreaProvider
  onInsetsChange={[Function]}
  style={
    Array [
      Object {
        "flex": 1,
      },
      undefined,
    ]
  }
>
  <View
    accessible={true}
    collapsable={false}
    focusable={true}
    onBlur={[Function]}
    onClick={[Function]}
    onFocus={[Function]}
    onResponderGrant={[Function]}
    onResponderMove={[Function]}
    onResponderRelease={[Function]}
    onResponderTerminate={[Function]}
    onResponderTerminationRequest={[Function]}
    onStartShouldSetResponder={[Function]}
    style={
      Object {
        "opacity": 1,
        "transform": Array [
          Object {
            "scale": 1,
          },
        ],
      }
    }
  >
    <View
      style={
        Array [
          Object {
            "alignItems": "center",
            "backgroundColor": "#FFFFFF",
            "flexDirection": "row",
            "paddingVertical": 16,
          },
          Array [
            Object {
              "borderColor": "#CCCCCC",
              "borderRadius": 8,
              "borderWidth": 0,
              "padding": 8,
              "shadowColor": "#CCCCCC",
              "shadowOffset": Object {
                "height": 3,
                "width": 1,
              },
              "shadowOpacity": 0.5,
              "shadowRadius": 4,
            },
          ],
        ]
      }
    >
      <View
        style={
          Array [
            Object {
              "alignItems": "center",
              "flex": 1,
              "marginRight": 8,
            },
          ]
        }
      >
        <RNSVGSvgView
          align="xMidYMid"
          bbHeight="65"
          bbWidth="65"
          focusable={false}
          height={65}
          meetOrSlice={0}
          minX={0}
          minY={0}
          style={
            Array [
              Object {
                "backgroundColor": "transparent",
                "borderWidth": 0,
              },
              Object {
                "flex": 0,
                "height": 65,
                "width": 65,
              },
            ]
          }
          vbHeight={65}
          vbWidth={65}
          width={65}
        >
          <RNSVGGroup>
            <RNSVGCircle
              cx="50%"
              cy="50%"
              fill={
                Object {
                  "type": 0,
                  "value": 0,
                }
              }
              propList={
                Array [
                  "fill",
                  "stroke",
                  "strokeWidth",
                  "strokeOpacity",
                ]
              }
              r="30"
              stroke={
                Object {
                  "type": 0,
                  "value": 4294924103,
                }
              }
              strokeOpacity={0.2}
              strokeWidth="5"
            />
            <RNSVGCircle
              cx="50%"
              cy="50%"
              fill={
                Object {
                  "type": 0,
                  "value": 0,
                }
              }
              matrix={
                Array [
                  6.123233995736766e-17,
                  -1,
                  1,
                  6.123233995736766e-17,
                  0,
                  65,
                ]
              }
              propList={
                Array [
                  "fill",
                  "stroke",
                  "strokeWidth",
                  "strokeDasharray",
                  "strokeLinecap",
                ]
              }
              r="30"
              stroke={
                Object {
                  "type": 0,
                  "value": 4294924103,
                }
              }
              strokeDasharray={
                Array [
                  "82.93804605477052",
                  "105.55751316061705",
                ]
              }
              strokeLinecap={1}
              strokeWidth="5"
            />
          </RNSVGGroup>
        </RNSVGSvgView>
        <View
          style={
            Array [
              Object {
                "alignItems": "center",
                "justifyContent": "center",
              },
              Object {
                "bottom": 0,
                "left": 0,
                "position": "absolute",
                "right": 0,
                "top": 0,
              },
            ]
          }
        >
          <Text
            style={
              Array [
                Object {
                  "color": "#1C1C1E",
                  "fontSize": 15,
                  "fontWeight": "bold",
                  "lineHeight": 18,
                  "textAlign": "center",
                },
                Object {
                  "color": "#FF5747",
                },
              ]
            }
          >
            44
            %
          </Text>
        </View>
      </View>
      <View
        style={
          Array [
            Object {
              "flex": 3,
            },
          ]
        }
      >
        <Text
          style={
            Array [
              Object {
                "color": "#1C1C1E",
                "fontSize": 20,
                "fontWeight": "600",
                "lineHeight": 26,
                "marginBottom": 8,
              },
            ]
          }
        >
          John Doe
        </Text>
        <View
          style={
            Array [
              Object {
                "flexDirection": "row",
              },
            ]
          }
        >
          <View
            style={
              Array [
                Object {
                  "flex": 1,
                },
              ]
            }
          >
            <Text
              style={
                Array [
                  Object {
                    "color": "#5E5E5E",
                    "fontSize": 12,
                    "fontWeight": "600",
                    "lineHeight": 18,
                  },
                ]
              }
            >
              6h 13m asleep
            </Text>
          </View>
          <View
            style={
              Array [
                Object {
                  "flex": 1,
                  "paddingLeft": 8,
                },
              ]
            }
          >
            <Text
              style={
                Array [
                  Object {
                    "color": "#FF006A",
                    "fontSize": 12,
                    "fontWeight": "600",
                    "lineHeight": 18,
                  },
                ]
              }
            >
              â™¥ 
              84bpm (avg)
            </Text>
          </View>
        </View>
      </View>
    </View>
  </View>
</RNCSafeAreaProvider>
`;
